Microsoft Windows [Version 10.0.19045.6332]
(c) Microsoft Corporation. All rights reserved.

C:\WINDOWS\system32>cd C:\StockMonitor\desktop-app

C:\StockMonitor\desktop-app>npm run build-win

> stock-monitor-desktop@1.0.0 build-win
> electron-builder --win

  • electron-builder  version=24.13.3 os=10.0.19045
  • loaded configuration  file=package.json ("build" field)
  • writing effective config  file=dist\builder-effective-config.yaml
  • rebuilding native dependencies  dependencies=better-sqlite3@9.6.0 platform=win32 arch=x64
  • install prebuilt binary  name=better-sqlite3 version=9.6.0 platform=win32 arch=x64 napi=
  • packaging       platform=win32 arch=x64 electron=28.0.0 appOutDir=dist\win-unpacked
  • default Electron icon is used  reason=application icon is not set
  • building        target=nsis file=dist\StockMonitor-Setup-1.0.0.exe archs=x64 oneClick=false perMachine=true
  • uninstaller is not signed by electron-builder  reason=custom NSIS script is used
  • building block map  blockMapFile=dist\StockMonitor-Setup-1.0.0.exe.blockmap
  ⨯ open C:\StockMonitor\desktop-app\dist\StockMonitor-Setup-1.0.0.exe: The system cannot find the file specified.
  ⨯ C:\StockMonitor\desktop-app\node_modules\app-builder-bin\win\x64\app-builder.exe process failed ERR_ELECTRON_BUILDER_CANNOT_EXECUTE
Exit code:
1  failedTask=build stackTrace=Error: C:\StockMonitor\desktop-app\node_modules\app-builder-bin\win\x64\app-builder.exe process failed ERR_ELECTRON_BUILDER_CANNOT_EXECUTE
Exit code:
1
    at ChildProcess.<anonymous> (C:\StockMonitor\desktop-app\node_modules\builder-util\src\util.ts:252:14)
    at Object.onceWrapper (node:events:634:26)
    at ChildProcess.emit (node:events:519:28)
    at ChildProcess.cp.emit (C:\StockMonitor\desktop-app\node_modules\cross-spawn\lib\enoent.js:34:29)
    at maybeClose (node:internal/child_process:1101:16)
    at Process.ChildProcess._handle.onexit (node:internal/child_process:304:5)

C:\StockMonitor\desktop-app>npm run build-win -- -c.nsis.differentialPackage=false

> stock-monitor-desktop@1.0.0 build-win
> electron-builder --win -c.nsis.differentialPackage=false

  • electron-builder  version=24.13.3 os=10.0.19045
  • loaded configuration  file=package.json ("build" field)
  • writing effective config  file=dist\builder-effective-config.yaml
  • rebuilding native dependencies  dependencies=better-sqlite3@9.6.0 platform=win32 arch=x64
  • install prebuilt binary  name=better-sqlite3 version=9.6.0 platform=win32 arch=x64 napi=
  • packaging       platform=win32 arch=x64 electron=28.0.0 appOutDir=dist\win-unpacked
  • default Electron icon is used  reason=application icon is not set
  • building        target=nsis file=dist\StockMonitor-Setup-1.0.0.exe archs=x64 oneClick=false perMachine=true

C:\StockMonitor\desktop-app>dir dis\dir d-win -- -c.nsis.differentialPackage=falsekMonitor-Setup-1.0.0.exe'  failedTask=
The system cannot find the file specified.le or directory, open 'C:\StockMonitor\desktop-app\dist\StockMonitor-Setup-1.0
.0.exe'
C:\StockMonitor\desktop-app>
C:\StockMonitor\desktop-app>
C:\StockMonitor\desktop-app>dir dist
 Volume in drive C has no label.
 Volume Serial Number is 0445-82FF

 Directory of C:\StockMonitor\desktop-app\dist

09/14/2025  07:02 PM    <DIR>          .
09/14/2025  07:02 PM    <DIR>          ..
09/14/2025  07:02 PM             7,142 builder-debug.yml
09/14/2025  07:00 PM               994 builder-effective-config.yaml
09/14/2025  07:01 PM    <DIR>          win-unpacked
               2 File(s)          8,136 bytes
               3 Dir(s)  450,943,692,800 bytes free

C:\StockMonitor\desktop-app>npx electron-builder --win zip
  • electron-builder  version=24.13.3 os=10.0.19045
  • loaded configuration  file=package.json ("build" field)
  • writing effective config  file=dist\builder-effective-config.yaml
  • rebuilding native dependencies  dependencies=better-sqlite3@9.6.0 platform=win32 arch=x64
  • install prebuilt binary  name=better-sqlite3 version=9.6.0 platform=win32 arch=x64 napi=
  • packaging       platform=win32 arch=x64 electron=28.0.0 appOutDir=dist\win-unpacked
  • default Electron icon is used  reason=application icon is not set
  • building        target=zip arch=x64 file=dist\Stock Monitor-1.0.0-win.zip

C:\StockMonitor\desktop-app>"dist\win-unpacked\Stock Monitor.exe"

C:\StockMonitor\desktop-app>
Γ£à better-sqlite3 loaded successfully

C:\StockMonitor\desktop-app>npm install

> stock-monitor-desktop@1.0.0 postinstall
> electron-builder install-app-deps

  • electron-builder  version=24.13.3
  • loaded configuration  file=package.json ("build" field)
  • rebuilding native dependencies  dependencies=better-sqlite3@9.6.0, keytar@7.9.0 platform=win32 arch=x64
  • install prebuilt binary  name=better-sqlite3 version=9.6.0 platform=win32 arch=x64 napi=
  • install prebuilt binary  name=keytar version=7.9.0 platform=win32 arch=x64 napi=

added 3 packages, and audited 430 packages in 3s

77 packages are looking for funding
  run `npm fund` for details

1 moderate severity vulnerability

To address all issues (including breaking changes), run:
  npm audit fix --force

Run `npm audit` for details.

C:\StockMonitor\desktop-app>npx electron-builder --win zip
  • electron-builder  version=24.13.3 os=10.0.19045
  • loaded configuration  file=package.json ("build" field)
  • writing effective config  file=dist\builder-effective-config.yaml
  • rebuilding native dependencies  dependencies=better-sqlite3@9.6.0, keytar@7.9.0 platform=win32 arch=x64
  • install prebuilt binary  name=better-sqlite3 version=9.6.0 platform=win32 arch=x64 napi=
  • install prebuilt binary  name=keytar version=7.9.0 platform=win32 arch=x64 napi=
• packaging       platform=win32 arch=x64 electron=28.0.0 appOutDir=dist\win-unpacked
  ⨯ remove C:\StockMonitor\desktop-app\dist\win-unpacked\ffmpeg.dll: Access is denied.
github.com/develar/go-fs-util.EnsureEmptyDir
        /Volumes/data/go/pkg/mod/github.com/develar/go-fs-util@v0.0.0-20190620175131-69a2d4542206/fs.go:98
github.com/develar/app-builder/pkg/electron.UnpackElectron.func1.1
        /Volumes/data/Documents/app-builder/pkg/electron/electronUnpack.go:38
github.com/develar/app-builder/pkg/util.MapAsyncConcurrency.func2
        /Volumes/data/Documents/app-builder/pkg/util/async.go:68
runtime.goexit
        /usr/local/Cellar/go/1.17/libexec/src/runtime/asm_amd64.s:1581
  ⨯ C:\StockMonitor\desktop-app\node_modules\app-builder-bin\win\x64\app-builder.exe process failed ERR_ELECTRON_BUILDER_CANNOT_EXECUTE
Exit code:
1  failedTask=build stackTrace=Error: C:\StockMonitor\desktop-app\node_modules\app-builder-bin\win\x64\app-builder.exe process failed ERR_ELECTRON_BUILDER_CANNOT_EXECUTE
Exit code:
1
    at ChildProcess.<anonymous> (C:\StockMonitor\desktop-app\node_modules\builder-util\src\util.ts:252:14)
    at Object.onceWrapper (node:events:634:26)
    at ChildProcess.emit (node:events:519:28)
    at ChildProcess.cp.emit (C:\StockMonitor\desktop-app\node_modules\cross-spawn\lib\enoent.js:34:29)
    at maybeClose (node:internal/child_process:1101:16)
    at Process.ChildProcess._handle.onexit (node:internal/child_process:304:5)

C:\StockMonitor\desktop-app>