Microsoft Windows [Version 10.0.19045.6332]
(c) Microsoft Corporation. All rights reserved.

C:\WINDOWS\system32>cd C:\StockMonitor

C:\StockMonitor>rmdir /s /q node_modules
The system cannot find the file specified.

C:\StockMonitor>del package-lock.json
Could Not Find C:\StockMonitor\package-lock.json

C:\StockMonitor>npm install --no-audit
npm error code ENOENT
npm error syscall open
npm error path C:\StockMonitor\package.json
npm error errno -4058
npm error enoent Could not read package.json: Error: ENOENT: no such file or directory, open 'C:\StockMonitor\package.json'
npm error enoent This is related to npm not being able to find a file.
npm error enoent
npm error A complete log of this run can be found in: C:\Users\kalvi\AppData\Local\npm-cache\_logs\2025-09-15T04_56_14_708Z-debug-0.log

C:\StockMonitor>npm run build
npm error code ENOENT
npm error syscall open
npm error path C:\StockMonitor\package.json
npm error errno -4058
npm error enoent Could not read package.json: Error: ENOENT: no such file or directory, open 'C:\StockMonitor\package.json'
npm error enoent This is related to npm not being able to find a file.
npm error enoent
npm error A complete log of this run can be found in: C:\Users\kalvi\AppData\Local\npm-cache\_logs\2025-09-15T04_56_15_292Z-debug-0.log

C:\StockMonitor>if not exist desktop-app\frontend mkdir desktop-app\frontend

C:\StockMonitor>if exist dist\public ( xcopy /E /I /Y dist\public desktop-app\frontend ) else ( xcopy /E /I /Y dist desktop-app\frontend )
dist\public\index.html
dist\public\assets\index-gvUZJgCx.js
dist\public\assets\index-kq3j4w_z.css
3 File(s) copied

C:\StockMonitor>cd desktop-app

C:\StockMonitor\desktop-app>npx electron-builder --dir
  • electron-builder  version=24.13.3 os=10.0.19045
  • loaded configuration  file=package.json ("build" field)
  • writing effective config  file=dist\builder-effective-config.yaml
  • rebuilding native dependencies  dependencies=better-sqlite3@9.6.0, keytar@7.9.0 platform=win32 arch=x64
  • install prebuilt binary  name=better-sqlite3 version=9.6.0 platform=win32 arch=x64 napi=
  • install prebuilt binary  name=keytar version=7.9.0 platform=win32 arch=x64 napi=
• packaging       platform=win32 arch=x64 electron=28.0.0 appOutDir=dist\win-unpacked
  • default Electron icon is used  reason=application icon is not set

C:\StockMonitor\desktop-app>"C:\Program Files (x86)\Inno Setup 6\ISCC.exe" installer.iss
Inno Setup 6 Command-Line Compiler
Copyright (C) 1997-2025 Jordan Russell. All rights reserved.
Portions Copyright (C) 2000-2025 Martijn Laan. All rights reserved.
Portions Copyright (C) 2001-2004 Alex Yackimoff. All rights reserved.
https://www.innosetup.com

Compiler engine version: Inno Setup 6.5.3
Non-commercial use only

Preprocessing
   Reading file: C:\Program Files (x86)\Inno Setup 6\ISPPBuiltins.iss
Parsing [Setup] section, line 7
Parsing [Setup] section, line 8
Parsing [Setup] section, line 9
Parsing [Setup] section, line 10
Parsing [Setup] section, line 11
Parsing [Setup] section, line 12
Parsing [Setup] section, line 13
Parsing [Setup] section, line 14
Parsing [Setup] section, line 15
Parsing [Setup] section, line 16
Reading file (WizardImageFile)
Reading file (WizardSmallImageFile)
Preparing Setup program executable
   Verification successful
   Updating version info (Setup.e32)
Determining language code pages
   Reading file: C:\Program Files (x86)\Inno Setup 6\Default.isl
   Messages in script file
Reading default messages from Default.isl
Parsing [LangOptions], [Messages], and [CustomMessages] sections
   Reading file: C:\Program Files (x86)\Inno Setup 6\Default.isl
   Messages in script file
Reading [Code] section
Parsing [Icons] section, line 22
Parsing [Icons] section, line 23
Parsing [Run] section, line 26
Parsing [Files] section, line 19
Deleting StockMonitor-Setup-1.0.0.exe from output directory
Creating setup files
   Verification successful
   Compressing: C:\StockMonitor\desktop-app\dist\win-unpacked\chrome_100_percent.pak
   Compressing: C:\StockMonitor\desktop-app\dist\win-unpacked\chrome_200_percent.pak
   Compressing: C:\StockMonitor\desktop-app\dist\win-unpacked\d3dcompiler_47.dll
   Compressing: C:\StockMonitor\desktop-app\dist\win-unpacked\dxcompiler.dll
   Compressing: C:\StockMonitor\desktop-app\dist\win-unpacked\dxil.dll
   Compressing: C:\StockMonitor\desktop-app\dist\win-unpacked\ffmpeg.dll
   Compressing: C:\StockMonitor\desktop-app\dist\win-unpacked\icudtl.dat
   Compressing: C:\StockMonitor\desktop-app\dist\win-unpacked\libEGL.dll
   Compressing: C:\StockMonitor\desktop-app\dist\win-unpacked\libGLESv2.dll
   Compressing: C:\StockMonitor\desktop-app\dist\win-unpacked\LICENSE.electron.txt
   Compressing: C:\StockMonitor\desktop-app\dist\win-unpacked\LICENSES.chromium.html
   Compressing: C:\StockMonitor\desktop-app\dist\win-unpacked\resources.pak
   Compressing: C:\StockMonitor\desktop-app\dist\win-unpacked\snapshot_blob.bin
   Compressing: C:\StockMonitor\desktop-app\dist\win-unpacked\Stock Monitor.exe
   Compressing: C:\StockMonitor\desktop-app\dist\win-unpacked\v8_context_snapshot.bin
   Compressing: C:\StockMonitor\desktop-app\dist\win-unpacked\vk_swiftshader.dll
   Compressing: C:\StockMonitor\desktop-app\dist\win-unpacked\vk_swiftshader_icd.json
   Compressing: C:\StockMonitor\desktop-app\dist\win-unpacked\vulkan-1.dll
   Compressing: C:\StockMonitor\desktop-app\dist\win-unpacked\locales\af.pak
   Compressing: C:\StockMonitor\desktop-app\dist\win-unpacked\locales\am.pak
   Compressing: C:\StockMonitor\desktop-app\dist\win-unpacked\locales\ar.pak
   Compressing: C:\StockMonitor\desktop-app\dist\win-unpacked\locales\bg.pak
   Compressing: C:\StockMonitor\desktop-app\dist\win-unpacked\locales\bn.pak
   Compressing: C:\StockMonitor\desktop-app\dist\win-unpacked\locales\ca.pak
   Compressing: C:\StockMonitor\desktop-app\dist\win-unpacked\locales\cs.pak
   Compressing: C:\StockMonitor\desktop-app\dist\win-unpacked\locales\da.pak
   Compressing: C:\StockMonitor\desktop-app\dist\win-unpacked\locales\de.pak
   Compressing: C:\StockMonitor\desktop-app\dist\win-unpacked\locales\el.pak
   Compressing: C:\StockMonitor\desktop-app\dist\win-unpacked\locales\en-GB.pak
   Compressing: C:\StockMonitor\desktop-app\dist\win-unpacked\locales\en-US.pak
   Compressing: C:\StockMonitor\desktop-app\dist\win-unpacked\locales\es-419.pak
   Compressing: C:\StockMonitor\desktop-app\dist\win-unpacked\locales\es.pak
   Compressing: C:\StockMonitor\desktop-app\dist\win-unpacked\locales\et.pak
   Compressing: C:\StockMonitor\desktop-app\dist\win-unpacked\locales\fa.pak
   Compressing: C:\StockMonitor\desktop-app\dist\win-unpacked\locales\fi.pak
   Compressing: C:\StockMonitor\desktop-app\dist\win-unpacked\locales\fil.pak
   Compressing: C:\StockMonitor\desktop-app\dist\win-unpacked\locales\fr.pak
   Compressing: C:\StockMonitor\desktop-app\dist\win-unpacked\locales\gu.pak
   Compressing: C:\StockMonitor\desktop-app\dist\win-unpacked\locales\he.pak
   Compressing: C:\StockMonitor\desktop-app\dist\win-unpacked\locales\hi.pak
   Compressing: C:\StockMonitor\desktop-app\dist\win-unpacked\locales\hr.pak
   Compressing: C:\StockMonitor\desktop-app\dist\win-unpacked\locales\hu.pak
   Compressing: C:\StockMonitor\desktop-app\dist\win-unpacked\locales\id.pak
   Compressing: C:\StockMonitor\desktop-app\dist\win-unpacked\locales\it.pak
   Compressing: C:\StockMonitor\desktop-app\dist\win-unpacked\locales\ja.pak
   Compressing: C:\StockMonitor\desktop-app\dist\win-unpacked\locales\kn.pak
   Compressing: C:\StockMonitor\desktop-app\dist\win-unpacked\locales\ko.pak
   Compressing: C:\StockMonitor\desktop-app\dist\win-unpacked\locales\lt.pak
   Compressing: C:\StockMonitor\desktop-app\dist\win-unpacked\locales\lv.pak
   Compressing: C:\StockMonitor\desktop-app\dist\win-unpacked\locales\ml.pak
   Compressing: C:\StockMonitor\desktop-app\dist\win-unpacked\locales\mr.pak
   Compressing: C:\StockMonitor\desktop-app\dist\win-unpacked\locales\ms.pak
   Compressing: C:\StockMonitor\desktop-app\dist\win-unpacked\locales\nb.pak
   Compressing: C:\StockMonitor\desktop-app\dist\win-unpacked\locales\nl.pak
   Compressing: C:\StockMonitor\desktop-app\dist\win-unpacked\locales\pl.pak
   Compressing: C:\StockMonitor\desktop-app\dist\win-unpacked\locales\pt-BR.pak
   Compressing: C:\StockMonitor\desktop-app\dist\win-unpacked\locales\pt-PT.pak
   Compressing: C:\StockMonitor\desktop-app\dist\win-unpacked\locales\ro.pak
   Compressing: C:\StockMonitor\desktop-app\dist\win-unpacked\locales\ru.pak
   Compressing: C:\StockMonitor\desktop-app\dist\win-unpacked\locales\sk.pak
   Compressing: C:\StockMonitor\desktop-app\dist\win-unpacked\locales\sl.pak
   Compressing: C:\StockMonitor\desktop-app\dist\win-unpacked\locales\sr.pak
   Compressing: C:\StockMonitor\desktop-app\dist\win-unpacked\locales\sv.pak
   Compressing: C:\StockMonitor\desktop-app\dist\win-unpacked\locales\sw.pak
   Compressing: C:\StockMonitor\desktop-app\dist\win-unpacked\locales\ta.pak
   Compressing: C:\StockMonitor\desktop-app\dist\win-unpacked\locales\te.pak
   Compressing: C:\StockMonitor\desktop-app\dist\win-unpacked\locales\th.pak
   Compressing: C:\StockMonitor\desktop-app\dist\win-unpacked\locales\tr.pak
   Compressing: C:\StockMonitor\desktop-app\dist\win-unpacked\locales\uk.pak
   Compressing: C:\StockMonitor\desktop-app\dist\win-unpacked\locales\ur.pak
   Compressing: C:\StockMonitor\desktop-app\dist\win-unpacked\locales\vi.pak
   Compressing: C:\StockMonitor\desktop-app\dist\win-unpacked\locales\zh-CN.pak
   Compressing: C:\StockMonitor\desktop-app\dist\win-unpacked\locales\zh-TW.pak
   Compressing: C:\StockMonitor\desktop-app\dist\win-unpacked\resources\app.asar
   Compressing Setup program executable
   Updating version info (Setup.exe)
   Updating manifest (Setup.exe)


Successful compile (56.609 sec). Resulting Setup program filename is:
C:\StockMonitor\desktop-app\dist\StockMonitor-Setup-1.0.0.exe

C:\StockMonitor\desktop-app>