Microsoft Windows [Version 10.0.19045.6332]
(c) Microsoft Corporation. All rights reserved.

C:\WINDOWS\system32>cd C:\StockMonitor\desktop-app

C:\StockMonitor\desktop-app>"C:\Program Files (x86)\Inno Setup 6\ISCC.exe" installer.iss
Inno Setup 6 Command-Line Compiler
Copyright (C) 1997-2025 Jordan Russell. All rights reserved.
Portions Copyright (C) 2000-2025 Martijn Laan. All rights reserved.
Portions Copyright (C) 2001-2004 Alex Yackimoff. All rights reserved.
https://www.innosetup.com

Compiler engine version: Inno Setup 6.5.3
Non-commercial use only

Preprocessing
   Reading file: C:\Program Files (x86)\Inno Setup 6\ISPPBuiltins.iss
Parsing [Setup] section, line 7
Parsing [Setup] section, line 8
Parsing [Setup] section, line 9
Parsing [Setup] section, line 10
Parsing [Setup] section, line 11
Parsing [Setup] section, line 12
Parsing [Setup] section, line 13
Parsing [Setup] section, line 14
Parsing [Setup] section, line 15
Parsing [Setup] section, line 16
Reading file (WizardImageFile)
Reading file (WizardSmallImageFile)
Preparing Setup program executable
   Verification successful
   Updating version info (Setup.e32)
Determining language code pages
   Reading file: C:\Program Files (x86)\Inno Setup 6\Default.isl
   Messages in script file
Reading default messages from Default.isl
Parsing [LangOptions], [Messages], and [CustomMessages] sections
   Reading file: C:\Program Files (x86)\Inno Setup 6\Default.isl
   Messages in script file
Reading [Code] section
Parsing [Icons] section, line 22
Parsing [Icons] section, line 23
Parsing [Run] section, line 26
Parsing [Files] section, line 19
Creating setup files
   Verification successful
   Compressing: C:\StockMonitor\desktop-app\dist\win-unpacked\chrome_100_percent.pak
   Compressing: C:\StockMonitor\desktop-app\dist\win-unpacked\chrome_200_percent.pak
   Compressing: C:\StockMonitor\desktop-app\dist\win-unpacked\d3dcompiler_47.dll
   Compressing: C:\StockMonitor\desktop-app\dist\win-unpacked\dxcompiler.dll
   Compressing: C:\StockMonitor\desktop-app\dist\win-unpacked\dxil.dll
   Compressing: C:\StockMonitor\desktop-app\dist\win-unpacked\ffmpeg.dll
   Compressing: C:\StockMonitor\desktop-app\dist\win-unpacked\icudtl.dat
   Compressing: C:\StockMonitor\desktop-app\dist\win-unpacked\libEGL.dll
   Compressing: C:\StockMonitor\desktop-app\dist\win-unpacked\libGLESv2.dll
   Compressing: C:\StockMonitor\desktop-app\dist\win-unpacked\LICENSE.electron.txt
   Compressing: C:\StockMonitor\desktop-app\dist\win-unpacked\LICENSES.chromium.html
   Compressing: C:\StockMonitor\desktop-app\dist\win-unpacked\resources.pak
   Compressing: C:\StockMonitor\desktop-app\dist\win-unpacked\snapshot_blob.bin
   Compressing: C:\StockMonitor\desktop-app\dist\win-unpacked\Stock Monitor.exe
   Compressing: C:\StockMonitor\desktop-app\dist\win-unpacked\v8_context_snapshot.bin
   Compressing: C:\StockMonitor\desktop-app\dist\win-unpacked\vk_swiftshader.dll
   Compressing: C:\StockMonitor\desktop-app\dist\win-unpacked\vk_swiftshader_icd.json
   Compressing: C:\StockMonitor\desktop-app\dist\win-unpacked\vulkan-1.dll
   Compressing: C:\StockMonitor\desktop-app\dist\win-unpacked\locales\af.pak
   Compressing: C:\StockMonitor\desktop-app\dist\win-unpacked\locales\am.pak
   Compressing: C:\StockMonitor\desktop-app\dist\win-unpacked\locales\ar.pak
   Compressing: C:\StockMonitor\desktop-app\dist\win-unpacked\locales\bg.pak
   Compressing: C:\StockMonitor\desktop-app\dist\win-unpacked\locales\bn.pak
   Compressing: C:\StockMonitor\desktop-app\dist\win-unpacked\locales\ca.pak
   Compressing: C:\StockMonitor\desktop-app\dist\win-unpacked\locales\cs.pak
   Compressing: C:\StockMonitor\desktop-app\dist\win-unpacked\locales\da.pak
   Compressing: C:\StockMonitor\desktop-app\dist\win-unpacked\locales\de.pak
   Compressing: C:\StockMonitor\desktop-app\dist\win-unpacked\locales\el.pak
   Compressing: C:\StockMonitor\desktop-app\dist\win-unpacked\locales\en-GB.pak
   Compressing: C:\StockMonitor\desktop-app\dist\win-unpacked\locales\en-US.pak
   Compressing: C:\StockMonitor\desktop-app\dist\win-unpacked\locales\es-419.pak
   Compressing: C:\StockMonitor\desktop-app\dist\win-unpacked\locales\es.pak
   Compressing: C:\StockMonitor\desktop-app\dist\win-unpacked\locales\et.pak
   Compressing: C:\StockMonitor\desktop-app\dist\win-unpacked\locales\fa.pak
   Compressing: C:\StockMonitor\desktop-app\dist\win-unpacked\locales\fi.pak
   Compressing: C:\StockMonitor\desktop-app\dist\win-unpacked\locales\fil.pak
   Compressing: C:\StockMonitor\desktop-app\dist\win-unpacked\locales\fr.pak
   Compressing: C:\StockMonitor\desktop-app\dist\win-unpacked\locales\gu.pak
   Compressing: C:\StockMonitor\desktop-app\dist\win-unpacked\locales\he.pak
   Compressing: C:\StockMonitor\desktop-app\dist\win-unpacked\locales\hi.pak
   Compressing: C:\StockMonitor\desktop-app\dist\win-unpacked\locales\hr.pak
   Compressing: C:\StockMonitor\desktop-app\dist\win-unpacked\locales\hu.pak
   Compressing: C:\StockMonitor\desktop-app\dist\win-unpacked\locales\id.pak
   Compressing: C:\StockMonitor\desktop-app\dist\win-unpacked\locales\it.pak
   Compressing: C:\StockMonitor\desktop-app\dist\win-unpacked\locales\ja.pak
   Compressing: C:\StockMonitor\desktop-app\dist\win-unpacked\locales\kn.pak
   Compressing: C:\StockMonitor\desktop-app\dist\win-unpacked\locales\ko.pak
   Compressing: C:\StockMonitor\desktop-app\dist\win-unpacked\locales\lt.pak
   Compressing: C:\StockMonitor\desktop-app\dist\win-unpacked\locales\lv.pak
   Compressing: C:\StockMonitor\desktop-app\dist\win-unpacked\locales\ml.pak
   Compressing: C:\StockMonitor\desktop-app\dist\win-unpacked\locales\mr.pak
   Compressing: C:\StockMonitor\desktop-app\dist\win-unpacked\locales\ms.pak
   Compressing: C:\StockMonitor\desktop-app\dist\win-unpacked\locales\nb.pak
   Compressing: C:\StockMonitor\desktop-app\dist\win-unpacked\locales\nl.pak
   Compressing: C:\StockMonitor\desktop-app\dist\win-unpacked\locales\pl.pak
   Compressing: C:\StockMonitor\desktop-app\dist\win-unpacked\locales\pt-BR.pak
   Compressing: C:\StockMonitor\desktop-app\dist\win-unpacked\locales\pt-PT.pak
   Compressing: C:\StockMonitor\desktop-app\dist\win-unpacked\locales\ro.pak
   Compressing: C:\StockMonitor\desktop-app\dist\win-unpacked\locales\ru.pak
   Compressing: C:\StockMonitor\desktop-app\dist\win-unpacked\locales\sk.pak
   Compressing: C:\StockMonitor\desktop-app\dist\win-unpacked\locales\sl.pak
   Compressing: C:\StockMonitor\desktop-app\dist\win-unpacked\locales\sr.pak
   Compressing: C:\StockMonitor\desktop-app\dist\win-unpacked\locales\sv.pak
   Compressing: C:\StockMonitor\desktop-app\dist\win-unpacked\locales\sw.pak
   Compressing: C:\StockMonitor\desktop-app\dist\win-unpacked\locales\ta.pak
   Compressing: C:\StockMonitor\desktop-app\dist\win-unpacked\locales\te.pak
   Compressing: C:\StockMonitor\desktop-app\dist\win-unpacked\locales\th.pak
   Compressing: C:\StockMonitor\desktop-app\dist\win-unpacked\locales\tr.pak
   Compressing: C:\StockMonitor\desktop-app\dist\win-unpacked\locales\uk.pak
   Compressing: C:\StockMonitor\desktop-app\dist\win-unpacked\locales\ur.pak
   Compressing: C:\StockMonitor\desktop-app\dist\win-unpacked\locales\vi.pak
   Compressing: C:\StockMonitor\desktop-app\dist\win-unpacked\locales\zh-CN.pak
   Compressing: C:\StockMonitor\desktop-app\dist\win-unpacked\locales\zh-TW.pak
   Compressing: C:\StockMonitor\desktop-app\dist\win-unpacked\resources\app.asar
   Compressing: C:\StockMonitor\desktop-app\dist\win-unpacked\resources\app.asar.unpacked\node_modules\better-sqlite3\LICENSE
   Compressing: C:\StockMonitor\desktop-app\dist\win-unpacked\resources\app.asar.unpacked\node_modules\better-sqlite3\package.json
   Compressing: C:\StockMonitor\desktop-app\dist\win-unpacked\resources\app.asar.unpacked\node_modules\better-sqlite3\build\Release\better_sqlite3.node
   Compressing: C:\StockMonitor\desktop-app\dist\win-unpacked\resources\app.asar.unpacked\node_modules\better-sqlite3\deps\common.gypi
   Compressing: C:\StockMonitor\desktop-app\dist\win-unpacked\resources\app.asar.unpacked\node_modules\better-sqlite3\deps\copy.js
   Compressing: C:\StockMonitor\desktop-app\dist\win-unpacked\resources\app.asar.unpacked\node_modules\better-sqlite3\deps\defines.gypi
   Compressing: C:\StockMonitor\desktop-app\dist\win-unpacked\resources\app.asar.unpacked\node_modules\better-sqlite3\deps\download.sh
   Compressing: C:\StockMonitor\desktop-app\dist\win-unpacked\resources\app.asar.unpacked\node_modules\better-sqlite3\deps\sqlite3.gyp
   Compressing: C:\StockMonitor\desktop-app\dist\win-unpacked\resources\app.asar.unpacked\node_modules\better-sqlite3\deps\test_extension.c
   Compressing: C:\StockMonitor\desktop-app\dist\win-unpacked\resources\app.asar.unpacked\node_modules\better-sqlite3\deps\sqlite3\sqlite3.c
   Compressing: C:\StockMonitor\desktop-app\dist\win-unpacked\resources\app.asar.unpacked\node_modules\better-sqlite3\deps\sqlite3\sqlite3.h
   Compressing: C:\StockMonitor\desktop-app\dist\win-unpacked\resources\app.asar.unpacked\node_modules\better-sqlite3\deps\sqlite3\sqlite3ext.h
   Compressing: C:\StockMonitor\desktop-app\dist\win-unpacked\resources\app.asar.unpacked\node_modules\better-sqlite3\lib\database.js
   Compressing: C:\StockMonitor\desktop-app\dist\win-unpacked\resources\app.asar.unpacked\node_modules\better-sqlite3\lib\index.js
   Compressing: C:\StockMonitor\desktop-app\dist\win-unpacked\resources\app.asar.unpacked\node_modules\better-sqlite3\lib\sqlite-error.js
   Compressing: C:\StockMonitor\desktop-app\dist\win-unpacked\resources\app.asar.unpacked\node_modules\better-sqlite3\lib\util.js
   Compressing: C:\StockMonitor\desktop-app\dist\win-unpacked\resources\app.asar.unpacked\node_modules\better-sqlite3\lib\methods\aggregate.js
   Compressing: C:\StockMonitor\desktop-app\dist\win-unpacked\resources\app.asar.unpacked\node_modules\better-sqlite3\lib\methods\backup.js
   Compressing: C:\StockMonitor\desktop-app\dist\win-unpacked\resources\app.asar.unpacked\node_modules\better-sqlite3\lib\methods\function.js
   Compressing: C:\StockMonitor\desktop-app\dist\win-unpacked\resources\app.asar.unpacked\node_modules\better-sqlite3\lib\methods\inspect.js
   Compressing: C:\StockMonitor\desktop-app\dist\win-unpacked\resources\app.asar.unpacked\node_modules\better-sqlite3\lib\methods\pragma.js
   Compressing: C:\StockMonitor\desktop-app\dist\win-unpacked\resources\app.asar.unpacked\node_modules\better-sqlite3\lib\methods\serialize.js
   Compressing: C:\StockMonitor\desktop-app\dist\win-unpacked\resources\app.asar.unpacked\node_modules\better-sqlite3\lib\methods\table.js
   Compressing: C:\StockMonitor\desktop-app\dist\win-unpacked\resources\app.asar.unpacked\node_modules\better-sqlite3\lib\methods\transaction.js
   Compressing: C:\StockMonitor\desktop-app\dist\win-unpacked\resources\app.asar.unpacked\node_modules\better-sqlite3\lib\methods\wrappers.js
   Compressing: C:\StockMonitor\desktop-app\dist\win-unpacked\resources\app.asar.unpacked\node_modules\better-sqlite3\src\better_sqlite3.cpp
   Compressing: C:\StockMonitor\desktop-app\dist\win-unpacked\resources\app.asar.unpacked\node_modules\better-sqlite3\src\better_sqlite3.hpp
   Compressing: C:\StockMonitor\desktop-app\dist\win-unpacked\resources\app.asar.unpacked\node_modules\keytar\LICENSE.md
   Compressing: C:\StockMonitor\desktop-app\dist\win-unpacked\resources\app.asar.unpacked\node_modules\keytar\package.json
   Compressing: C:\StockMonitor\desktop-app\dist\win-unpacked\resources\app.asar.unpacked\node_modules\keytar\build\Release\keytar.node
   Compressing: C:\StockMonitor\desktop-app\dist\win-unpacked\resources\app.asar.unpacked\node_modules\keytar\lib\keytar.js
   Compressing Setup program executable
   Updating version info (Setup.exe)
   Updating manifest (Setup.exe)


Successful compile (57.312 sec). Resulting Setup program filename is:
C:\StockMonitor\desktop-app\dist\StockMonitor-Setup-1.0.0.exe

C:\StockMonitor\desktop-app>cd C:\StockMonitor\desktop-app

C:\StockMonitor\desktop-app>npm run build-frontend

> stock-monitor-desktop@1.0.0 build-frontend
> cd .. && npm run build && cp -r dist/public/* desktop-app/frontend/


> rest-express@1.0.0 build
> vite build && esbuild server/index.ts --platform=node --packages=external --bundle --format=esm --outdir=dist

'vite' is not recognized as an internal or external command,
operable program or batch file.

npm warn reify invalid or damaged lockfile detected
npm warn reify please re-try this operation once it completes
npm warn reify so that the damage can be corrected, or perform
npm warn reify a fresh install with no lockfile if the problem persists.
npm warn skipping integrity check for git dependency ssh://git@github.com/electron/node-gyp.git
npm warn deprecated inflight@1.0.6: This module is not supported, and leaks memory. Do not use it. Check out lru-cache if you want a good and tested way to coalesce async requests by a key value, which is much more comprehensive and powerful.
npm warn deprecated @npmcli/move-file@1.1.2: This functionality has been moved to @npmcli/fs
npm warn deprecated @esbuild-kit/esm-loader@2.6.5: Merged into tsx: https://tsx.is
npm warn deprecated @npmcli/move-file@2.0.1: This functionality has been moved to @npmcli/fs
npm warn deprecated npmlog@6.0.2: This package is no longer supported.
npm warn deprecated rimraf@2.6.3: Rimraf versions prior to v4 are no longer supported
npm warn deprecated @esbuild-kit/core-utils@3.3.2: Merged into tsx: https://tsx.is
npm warn deprecated rimraf@3.0.2: Rimraf versions prior to v4 are no longer supported
npm warn deprecated glob@7.2.3: Glob versions prior to v9 are no longer supported
npm warn deprecated glob@8.1.0: Glob versions prior to v9 are no longer supported
npm warn deprecated are-we-there-yet@3.0.1: This package is no longer supported.
npm warn deprecated gauge@4.0.4: This package is no longer supported.
npm warn deprecated boolean@3.2.0: Package no longer supported. Contact Support at https://www.npmjs.com/support for more info.
npm warn cleanup Failed to remove some directories [
npm warn cleanup   [
npm warn cleanup     'C:\\StockMonitor\\node_modules\\dmg-license',
npm warn cleanup     [Error: EPERM: operation not permitted, rmdir 'C:\StockMonitor\node_modules\dmg-license\node_modules\ajv\lib'] {
npm warn cleanup       errno: -4048,
npm warn cleanup       code: 'EPERM',
npm warn cleanup       syscall: 'rmdir',
npm warn cleanup       path: 'C:\\StockMonitor\\node_modules\\dmg-license\\node_modules\\ajv\\lib'
npm warn cleanup     }
npm warn cleanup   ]
npm warn cleanup ]

added 1618 packages, and audited 1619 packages in 19s

194 packages are looking for funding
  run `npm fund` for details

11 vulnerabilities (8 moderate, 3 high)

To address all issues possible (including breaking changes), run:
  npm audit fix --force

Some issues need review, and may require choosing
a different dependency.

Run `npm audit` for details.

C:\StockMonitor>npm audit fix --force
npm warn using --force Recommended protections disabled.
npm warn audit No fix available for pkg@*
npm warn audit Updating vite to 7.1.5, which is a SemVer major change.
npm warn audit Updating drizzle-kit to 0.31.4, which is a SemVer major change.
npm warn audit Updating nexe to 1.1.6, which is a SemVer major change.
npm warn ERESOLVE overriding peer dependency
npm warn While resolving: vite@7.1.5
npm warn Found: @types/node@20.16.11
npm warn node_modules/@types/node
npm warn   @types/node@"*" from @jest/console@30.1.2
npm warn   node_modules/@jest/console
npm warn     @jest/console@"30.1.2" from @jest/core@30.1.3
npm warn     node_modules/@jest/core
npm warn     3 more (@jest/reporters, @jest/test-result, jest-runner)
npm warn   36 more (@jest/core, @jest/environment, @jest/fake-timers, ...)
npm warn
npm warn Could not resolve dependency:
npm warn peerOptional @types/node@"^20.19.0 || >=22.12.0" from vite@7.1.5
npm warn node_modules/vite
npm warn   dev vite@"7.1.5" from the root project
npm warn   2 more (@tailwindcss/vite, @vitejs/plugin-react)
npm warn
npm warn Conflicting peer dependency: @types/node@24.4.0
npm warn node_modules/@types/node
npm warn   peerOptional @types/node@"^20.19.0 || >=22.12.0" from vite@7.1.5
npm warn   node_modules/vite
npm warn     dev vite@"7.1.5" from the root project
npm warn     2 more (@tailwindcss/vite, @vitejs/plugin-react)
npm warn deprecated @esbuild-kit/core-utils@3.3.2: Merged into tsx: https://tsx.is
npm warn deprecated har-validator@5.1.5: this library is no longer supported
npm warn deprecated uuid@3.4.0: Please upgrade  to version 7 or higher.  Older versions may use Math.random() in certain circumstances, which is known to be problematic.  See https://v8.dev/blog/math-random for details.
npm warn deprecated request@2.88.2: request has been deprecated, see https://github.com/request/request/issues/3142

added 248 packages, removed 233 packages, changed 10 packages, and audited 1634 packages in 14s

187 packages are looking for funding
  run `npm fund` for details

# npm audit report

esbuild  <=0.24.2
Severity: moderate
esbuild enables any website to send any requests to the development server and read the response - https://github.com/advisories/GHSA-67mh-4wv8-2f99
fix available via `npm audit fix --force`
Will install drizzle-kit@0.18.1, which is a breaking change
node_modules/@esbuild-kit/core-utils/node_modules/esbuild
  @esbuild-kit/core-utils  *
  Depends on vulnerable versions of esbuild
  node_modules/@esbuild-kit/core-utils
    @esbuild-kit/esm-loader  *
    Depends on vulnerable versions of @esbuild-kit/core-utils
    node_modules/@esbuild-kit/esm-loader
      drizzle-kit  0.17.5-6b7793f - 0.17.5-e5944eb || 0.18.1-065de38 - 0.18.1-f3800bf || >=0.19.0-07024c4
      Depends on vulnerable versions of @esbuild-kit/esm-loader
      node_modules/drizzle-kit

form-data  <2.5.4
Severity: critical
form-data uses unsafe random function in form-data for choosing boundary - https://github.com/advisories/GHSA-fjxv-7rqg-78g4
fix available via `npm audit fix --force`
Will install nexe@5.0.0-beta.4, which is a breaking change
node_modules/request/node_modules/form-data
  request  *
  Depends on vulnerable versions of form-data
  Depends on vulnerable versions of tough-cookie
  node_modules/request
    nexe  0.1.0 - 1.1.6
    Depends on vulnerable versions of request
    Depends on vulnerable versions of yargs
    node_modules/nexe

pkg  *
Severity: moderate
Pkg Local Privilege Escalation - https://github.com/advisories/GHSA-22r3-9w55-cj54
No fix available
node_modules/pkg


tough-cookie  <4.1.3
Severity: moderate
tough-cookie Prototype Pollution vulnerability - https://github.com/advisories/GHSA-72xf-g2v4-qvf3
fix available via `npm audit fix --force`
Will install nexe@5.0.0-beta.4, which is a breaking change
node_modules/tough-cookie

yargs-parser  <=5.0.0
Severity: moderate
yargs-parser Vulnerable to Prototype Pollution - https://github.com/advisories/GHSA-p9pc-299p-vxgp
fix available via `npm audit fix --force`
Will install nexe@5.0.0-beta.4, which is a breaking change
node_modules/nexe/node_modules/yargs-parser
  yargs  4.0.0-alpha1 - 7.0.0-alpha.3 || 7.1.1
  Depends on vulnerable versions of yargs-parser
  node_modules/nexe/node_modules/yargs

11 vulnerabilities (9 moderate, 2 critical)

To address all issues possible (including breaking changes), run:
  npm audit fix --force

Some issues need review, and may require choosing
a different dependency.

C:\StockMonitor>cd C:\StockMonitor\desktop-app

C:\StockMonitor\desktop-app>npm run build-frontend

> stock-monitor-desktop@1.0.0 build-frontend
> cd .. && npm run build && cp -r dist/public/* desktop-app/frontend/


> rest-express@1.0.0 build
> vite build && esbuild server/index.ts --platform=node --packages=external --bundle --format=esm --outdir=dist

vite v7.1.5 building for production...
transforming (8) src\components\ThemeProvider.tsx
A PostCSS plugin did not pass the `from` option to `postcss.parse`. This may cause imported assets to be incorrectly transformed. If you've recently added a PostCSS plugin that raised this warning, please contact the package author to fix the issue.
✓ 2182 modules transformed.
../dist/public/index.html                   2.40 kB │ gzip:   0.97 kB
../dist/public/assets/index-kq3j4w_z.css   80.84 kB │ gzip:  12.87 kB
../dist/public/assets/index-gvUZJgCx.js   697.94 kB │ gzip: 196.55 kB

(!) Some chunks are larger than 500 kB after minification. Consider:
- Using dynamic import() to code-split the application
- Use build.rollupOptions.output.manualChunks to improve chunking: https://rollupjs.org/configuration-options/#output-manualchunks
- Adjust chunk size limit for this warning via build.chunkSizeWarningLimit.
✓ built in 4.86s

  dist\index.js  171.4kb

Done in 68ms
'cp' is not recognized as an internal or external command,
operable program or batch file.

C:\StockMonitor\desktop-app>